  Bản tĩnh theo mã băm: 469 tệp mới trong /tmp/cas

  PHỐ CÓ CHUYỆN · v1.7.15
  Chơi tại: http://127.0.0.1:8765
  Lưu tại: PostgreSQL
  AI phản hồi: tắt (lời thoại có sẵn) · Web push: bật · 8 tiến trình
  Nhấn Ctrl+C để dừng.

/app/server.py:1432: DeprecationWarning: This process (pid=7) is multi-threaded, use of fork() may lead to deadlocks in the child.
  pid=os.fork()
[leaderboard] backfill: 1000 saves
[lb_titles] weekly titles refreshed for 2026-10-06
[pg-pool] pid=7 last 60s: opened 1, closed 1, checkouts 12, waited 0, timed out 0; open 0/8, idle 0, keep 3
[pg-pool] pid=9 last 60s: opened 10, closed 5, checkouts 2580, waited 0, timed out 0; open 5/8, idle 5, keep 3
[pg-pool] pid=20 last 60s: opened 6, closed 2, checkouts 2867, waited 0, timed out 0; open 4/8, idle 2, keep 3
[pg-pool] pid=23 last 60s: opened 6, closed 2, checkouts 3034, waited 0, timed out 0; open 4/8, idle 4, keep 3
[pg-pool] pid=18 last 60s: opened 7, closed 3, checkouts 2625, waited 0, timed out 0; open 4/8, idle 4, keep 3
[pg-pool] pid=22 last 60s: opened 9, closed 5, checkouts 2911, waited 4, timed out 0; open 4/8, idle 4, keep 3
[pg-pool] pid=14 last 60s: opened 7, closed 2, checkouts 2947, waited 0, timed out 0; open 5/8, idle 4, keep 3
[pg-pool] pid=16 last 60s: opened 7, closed 2, checkouts 2574, waited 0, timed out 0; open 5/8, idle 5, keep 3
[pg-pool] pid=19 last 60s: opened 9, closed 5, checkouts 2622, waited 0, timed out 0; open 4/8, idle 4, keep 3
[pg-pool] pid=9 last 60s: opened 6, closed 5, checkouts 4642, waited 0, timed out 0; open 6/8, idle 2, keep 3
[pg-pool] pid=20 last 60s: opened 4, closed 2, checkouts 4598, waited 0, timed out 0; open 6/8, idle 1, keep 3
[pg-pool] pid=23 last 60s: opened 8, closed 5, checkouts 4478, waited 0, timed out 0; open 7/8, idle 3, keep 3
[pg-pool] pid=16 last 60s: opened 5, closed 3, checkouts 4269, waited 0, timed out 0; open 7/8, idle 3, keep 3
[pg-pool] pid=22 last 60s: opened 5, closed 3, checkouts 4498, waited 0, timed out 0; open 6/8, idle 2, keep 3
[pg-pool] pid=19 last 60s: opened 6, closed 3, checkouts 4549, waited 0, timed out 0; open 7/8, idle 3, keep 3
[pg-pool] pid=18 last 60s: opened 9, closed 5, checkouts 4481, waited 0, timed out 0; open 8/8, idle 4, keep 3
[pg-pool] pid=14 last 60s: opened 7, closed 5, checkouts 4443, waited 0, timed out 0; open 7/8, idle 3, keep 3
[slow-write] 756ms to write 165KB + 0 archive rows pid=20
[slow-write] 809ms to write 4592KB + 0 archive rows pid=18
[slow-write] 762ms to write 165KB + 0 archive rows pid=20
[slow-write] 775ms to write 4592KB + 0 archive rows pid=9
[slow-write] 755ms to write 165KB + 0 archive rows pid=18
[pg-pool] pid=9 last 60s: opened 4, closed 4, checkouts 4420, waited 1, timed out 0; open 6/8, idle 2, keep 3
[pg-pool] pid=20 last 60s: opened 5, closed 5, checkouts 4482, waited 0, timed out 0; open 6/8, idle 2, keep 3
[pg-pool] pid=23 last 60s: opened 1, closed 2, checkouts 4673, waited 0, timed out 0; open 6/8, idle 5, keep 3
[pg-pool] pid=22 last 60s: opened 2, closed 3, checkouts 4381, waited 0, timed out 0; open 5/8, idle 3, keep 3
[pg-pool] pid=18 last 60s: opened 1, closed 3, checkouts 4399, waited 0, timed out 0; open 6/8, idle 4, keep 3
[pg-pool] pid=19 last 60s: opened 6, closed 7, checkouts 4666, waited 2, timed out 0; open 6/8, idle 2, keep 3
[pg-pool] pid=14 last 60s: opened 4, closed 5, checkouts 4490, waited 4, timed out 0; open 6/8, idle 4, keep 3
[slow-write] 767ms to write 165KB + 0 archive rows pid=14
[slow-write] 975ms to write 165KB + 0 archive rows pid=22
[slow-write] 978ms to write 165KB + 0 archive rows pid=23
[slow-write] 796ms to write 165KB + 0 archive rows pid=9
[slow-write] 959ms to write 165KB + 0 archive rows pid=16
[slow-write] 870ms to write 165KB + 0 archive rows pid=14
[slow-write] 860ms to write 165KB + 0 archive rows pid=9
[slow-write] 840ms to write 165KB + 0 archive rows pid=18
[slow-write] 959ms to write 165KB + 0 archive rows pid=20
[slow-write] 1002ms to write 4592KB + 0 archive rows pid=16
[slow-write] 875ms to write 165KB + 0 archive rows pid=14
[slow-write] 960ms to write 165KB + 0 archive rows pid=20
[slow-write] 903ms to write 4592KB + 0 archive rows pid=23
[slow-write] 966ms to write 165KB + 0 archive rows pid=19
[slow-write] 879ms to write 165KB + 0 archive rows pid=14
[slow-write] 846ms to write 165KB + 0 archive rows pid=19
[slow-write] 957ms to write 4592KB + 0 archive rows pid=19
[slow-write] 813ms to write 4592KB + 0 archive rows pid=9
[slow-write] 911ms to write 165KB + 0 archive rows pid=22
[slow-write] 925ms to write 165KB + 0 archive rows pid=23
[slow-write] 832ms to write 165KB + 0 archive rows pid=18
[slow-write] 988ms to write 165KB + 0 archive rows pid=16
[slow-write] 873ms to write 4592KB + 0 archive rows pid=18
[slow-write] 936ms to write 165KB + 0 archive rows pid=16
[slow-write] 937ms to write 165KB + 0 archive rows pid=23
[slow-write] 934ms to write 165KB + 0 archive rows pid=22
[slow-write] 799ms to write 165KB + 0 archive rows pid=9
[slow-write] 943ms to write 165KB + 0 archive rows pid=22
[slow-write] 992ms to write 165KB + 0 archive rows pid=20
[slow-write] 971ms to write 165KB + 0 archive rows pid=20
[pg-pool] pid=9 last 60s: opened 2, closed 2, checkouts 4602, waited 0, timed out 0; open 6/8, idle 6, keep 3
[pg-pool] pid=23 last 60s: opened 4, closed 4, checkouts 4541, waited 0, timed out 0; open 6/8, idle 5, keep 3
[pg-pool] pid=22 last 60s: opened 5, closed 4, checkouts 4647, waited 6, timed out 0; open 6/8, idle 6, keep 3
[pg-pool] pid=20 last 60s: opened 2, closed 1, checkouts 4384, waited 0, timed out 0; open 7/8, idle 3, keep 3
[pg-pool] pid=18 last 60s: opened 1, closed 1, checkouts 4617, waited 0, timed out 0; open 6/8, idle 6, keep 3
[pg-pool] pid=19 last 60s: opened 1, closed 1, checkouts 4440, waited 0, timed out 0; open 6/8, idle 6, keep 3
[pg-pool] pid=16 last 60s: opened 5, closed 4, checkouts 4349, waited 0, timed out 0; open 6/8, idle 6, keep 3
[pg-pool] pid=14 last 60s: opened 3, closed 3, checkouts 4630, waited 0, timed out 0; open 6/8, idle 6, keep 3
[slow-write] 937ms to write 165KB + 0 archive rows pid=20
[slow-write] 983ms to write 4592KB + 0 archive rows pid=19
[slow-write] 874ms to write 165KB + 0 archive rows pid=9
[slow-write] 954ms to write 165KB + 0 archive rows pid=18
[slow-write] 925ms to write 165KB + 0 archive rows pid=16
[slow-write] 944ms to write 165KB + 0 archive rows pid=22
[slow-write] 964ms to write 165KB + 0 archive rows pid=14
[slow-write] 896ms to write 165KB + 0 archive rows pid=18
[slow-write] 926ms to write 165KB + 0 archive rows pid=22
[slow-write] 920ms to write 165KB + 0 archive rows pid=14
[slow-write] 884ms to write 165KB + 0 archive rows pid=23
[slow-write] 866ms to write 165KB + 0 archive rows pid=9
[slow-write] 902ms to write 165KB + 0 archive rows pid=20
[slow-write] 888ms to write 165KB + 0 archive rows pid=16
[slow-write] 906ms to write 165KB + 0 archive rows pid=9
[slow-write] 969ms to write 4592KB + 0 archive rows pid=14
[slow-write] 870ms to write 165KB + 0 archive rows pid=18
[slow-write] 983ms to write 4592KB + 0 archive rows pid=23
[slow-write] 943ms to write 165KB + 0 archive rows pid=16
[slow-write] 869ms to write 4592KB + 0 archive rows pid=16
[slow-write] 952ms to write 165KB + 0 archive rows pid=18
[slow-write] 891ms to write 165KB + 0 archive rows pid=9
[slow-write] 906ms to write 4592KB + 0 archive rows pid=22
[slow-write] 877ms to write 165KB + 0 archive rows pid=20
[slow-write] 842ms to write 4592KB + 0 archive rows pid=23
[slow-write] 948ms to write 165KB + 0 archive rows pid=23
[slow-write] 913ms to write 4592KB + 0 archive rows pid=19
[slow-write] 852ms to write 165KB + 0 archive rows pid=20
[slow-write] 985ms to write 165KB + 0 archive rows pid=14
[pg-pool] pid=9 last 60s: opened 3, closed 3, checkouts 4483, waited 0, timed out 0; open 6/8, idle 5, keep 3
[pg-pool] pid=23 last 60s: opened 3, closed 4, checkouts 4581, waited 0, timed out 0; open 5/8, idle 5, keep 3
[pg-pool] pid=22 last 60s: opened 3, closed 3, checkouts 4300, waited 0, timed out 0; open 6/8, idle 6, keep 3
[pg-pool] pid=20 last 60s: opened 4, closed 4, checkouts 4832, waited 0, timed out 0; open 7/8, idle 7, keep 3
[pg-pool] pid=18 last 60s: opened 5, closed 5, checkouts 4627, waited 0, timed out 0; open 6/8, idle 4, keep 3
[pg-pool] pid=19 last 60s: opened 3, closed 3, checkouts 4450, waited 0, timed out 0; open 6/8, idle 6, keep 3
[pg-pool] pid=16 last 60s: opened 5, closed 5, checkouts 4191, waited 0, timed out 0; open 6/8, idle 6, keep 3
[pg-pool] pid=14 last 60s: opened 4, closed 4, checkouts 4618, waited 1, timed out 0; open 6/8, idle 3, keep 3
[slow-write] 761ms to write 4592KB + 0 archive rows pid=20
[slow-write] 954ms to write 165KB + 0 archive rows pid=16
[slow-write] 924ms to write 165KB + 0 archive rows pid=18
[slow-write] 945ms to write 165KB + 0 archive rows pid=14
[slow-write] 924ms to write 165KB + 0 archive rows pid=22
[slow-write] 895ms to write 165KB + 0 archive rows pid=23
[slow-write] 877ms to write 165KB + 0 archive rows pid=19
[slow-write] 752ms to write 4592KB + 0 archive rows pid=9
[slow-write] 847ms to write 165KB + 0 archive rows pid=16
[slow-write] 858ms to write 165KB + 0 archive rows pid=16
[slow-write] 839ms to write 165KB + 0 archive rows pid=16
[slow-write] 931ms to write 4592KB + 0 archive rows pid=22
[slow-write] 890ms to write 165KB + 0 archive rows pid=23
[slow-write] 827ms to write 165KB + 0 archive rows pid=23
[slow-write] 975ms to write 4592KB + 0 archive rows pid=20
[slow-write] 970ms to write 165KB + 0 archive rows pid=18
[slow-write] 818ms to write 165KB + 0 archive rows pid=19
[slow-write] 823ms to write 4592KB + 0 archive rows pid=9
[slow-write] 972ms to write 165KB + 0 archive rows pid=18
[slow-write] 958ms to write 165KB + 0 archive rows pid=14
[slow-write] 843ms to write 165KB + 0 archive rows pid=23
[slow-write] 821ms to write 165KB + 0 archive rows pid=19
[slow-write] 914ms to write 165KB + 0 archive rows pid=22
[slow-write] 898ms to write 165KB + 0 archive rows pid=22
[slow-write] 962ms to write 165KB + 0 archive rows pid=18
[slow-write] 923ms to write 165KB + 0 archive rows pid=20
[slow-write] 925ms to write 165KB + 0 archive rows pid=20
[slow-write] 911ms to write 165KB + 0 archive rows pid=20
[slow-write] 879ms to write 165KB + 0 archive rows pid=14
[slow-write] 952ms to write 165KB + 0 archive rows pid=14
[slow-write] 829ms to write 165KB + 0 archive rows pid=9
[slow-write] 873ms to write 4592KB + 0 archive rows pid=9
[pg-pool] pid=9 last 60s: opened 2, closed 2, checkouts 4347, waited 0, timed out 0; open 6/8, idle 6, keep 3
[pg-pool] pid=23 last 60s: opened 4, closed 2, checkouts 4395, waited 0, timed out 0; open 7/8, idle 7, keep 3
[pg-pool] pid=22 last 60s: opened 3, closed 3, checkouts 4602, waited 0, timed out 0; open 6/8, idle 6, keep 3
[pg-pool] pid=19 last 60s: opened 3, closed 3, checkouts 4554, waited 0, timed out 0; open 6/8, idle 6, keep 3
[pg-pool] pid=20 last 60s: opened 4, closed 4, checkouts 4791, waited 0, timed out 0; open 7/8, idle 7, keep 3
[pg-pool] pid=16 last 60s: opened 4, closed 3, checkouts 4544, waited 0, timed out 0; open 7/8, idle 4, keep 3
[pg-pool] pid=18 last 60s: opened 4, closed 3, checkouts 4568, waited 0, timed out 0; open 7/8, idle 7, keep 3
[pg-pool] pid=14 last 60s: opened 5, closed 4, checkouts 4264, waited 0, timed out 0; open 7/8, idle 7, keep 3
[slow-write] 998ms to write 165KB + 0 archive rows pid=23
[slow-write] 969ms to write 165KB + 0 archive rows pid=16
[slow-write] 972ms to write 165KB + 0 archive rows pid=23
[slow-write] 802ms to write 165KB + 0 archive rows pid=9
[slow-write] 963ms to write 165KB + 0 archive rows pid=18
[slow-write] 853ms to write 165KB + 0 archive rows pid=19
[slow-write] 998ms to write 4592KB + 0 archive rows pid=16
[slow-write] 952ms to write 4592KB + 0 archive rows pid=22
[slow-write] 905ms to write 4592KB + 0 archive rows pid=20
[slow-write] 856ms to write 165KB + 0 archive rows pid=14
[slow-write] 983ms to write 165KB + 0 archive rows pid=23
[slow-write] 997ms to write 165KB + 0 archive rows pid=19
[slow-write] 938ms to write 165KB + 0 archive rows pid=18
[slow-write] 817ms to write 165KB + 0 archive rows pid=9
[slow-write] 958ms to write 165KB + 0 archive rows pid=18
[slow-write] 959ms to write 165KB + 0 archive rows pid=9
[slow-write] 842ms to write 165KB + 0 archive rows pid=14
[slow-write] 995ms to write 165KB + 0 archive rows pid=16
[slow-write] 923ms to write 165KB + 0 archive rows pid=22
[slow-write] 756ms to write 165KB + 0 archive rows pid=9
[slow-write] 925ms to write 165KB + 0 archive rows pid=19
[slow-write] 965ms to write 165KB + 0 archive rows pid=20
[slow-write] 912ms to write 165KB + 0 archive rows pid=22
[slow-write] 935ms to write 165KB + 0 archive rows pid=18
[slow-write] 846ms to write 165KB + 0 archive rows pid=23
[slow-write] 947ms to write 165KB + 0 archive rows pid=19
[slow-write] 910ms to write 165KB + 0 archive rows pid=20
[slow-write] 879ms to write 4592KB + 0 archive rows pid=20
[slow-write] 922ms to write 165KB + 0 archive rows pid=22
[slow-write] 1018ms to write 165KB + 0 archive rows pid=16
[slow-write] 764ms to write 4592KB + 0 archive rows pid=22
[slow-write] 802ms to write 165KB + 0 archive rows pid=14
[slow-write] 805ms to write 165KB + 0 archive rows pid=14
[slow-write] 765ms to write 165KB + 0 archive rows pid=23
[slow-write] 790ms to write 165KB + 0 archive rows pid=14
[slow-write] 768ms to write 165KB + 0 archive rows pid=23
[slow-write] 752ms to write 165KB + 0 archive rows pid=20
[slow-write] 793ms to write 165KB + 0 archive rows pid=14
[slow-write] 798ms to write 165KB + 0 archive rows pid=18
[slow-write] 809ms to write 165KB + 0 archive rows pid=18
[slow-write] 818ms to write 165KB + 0 archive rows pid=18
[slow-write] 805ms to write 4592KB + 0 archive rows pid=9
[slow-write] 965ms to write 165KB + 0 archive rows pid=18
[slow-write] 937ms to write 165KB + 0 archive rows pid=9
[slow-write] 972ms to write 165KB + 0 archive rows pid=23
[slow-write] 946ms to write 165KB + 0 archive rows pid=20
[slow-write] 985ms to write 165KB + 0 archive rows pid=14
[slow-write] 916ms to write 165KB + 0 archive rows pid=16
[slow-write] 976ms to write 165KB + 0 archive rows pid=22
[slow-write] 929ms to write 165KB + 0 archive rows pid=19
[slow-write] 961ms to write 165KB + 0 archive rows pid=9
[slow-write] 988ms to write 165KB + 0 archive rows pid=14
[slow-write] 966ms to write 165KB + 0 archive rows pid=16
[slow-write] 945ms to write 165KB + 0 archive rows pid=22
[slow-write] 943ms to write 165KB + 0 archive rows pid=19
[slow-write] 1002ms to write 165KB + 0 archive rows pid=18
[slow-write] 935ms to write 165KB + 0 archive rows pid=23
[slow-write] 915ms to write 165KB + 0 archive rows pid=9
[slow-write] 916ms to write 165KB + 0 archive rows pid=20
[slow-write] 1019ms to write 4592KB + 0 archive rows pid=23
[slow-write] 992ms to write 165KB + 0 archive rows pid=14
[slow-write] 1010ms to write 165KB + 0 archive rows pid=20
[slow-write] 944ms to write 165KB + 0 archive rows pid=19
[slow-write] 944ms to write 165KB + 0 archive rows pid=16
[slow-write] 922ms to write 165KB + 0 archive rows pid=20
[slow-write] 929ms to write 165KB + 0 archive rows pid=16
[slow-write] 910ms to write 165KB + 0 archive rows pid=9
[slow-write] 901ms to write 4592KB + 0 archive rows pid=14
[slow-write] 879ms to write 4592KB + 0 archive rows pid=22
[slow-write] 1002ms to write 4592KB + 0 archive rows pid=19
[slow-write] 915ms to write 165KB + 0 archive rows pid=18
[slow-write] 912ms to write 4592KB + 0 archive rows pid=22
[slow-write] 950ms to write 4592KB + 0 archive rows pid=23
[slow-write] 907ms to write 4592KB + 0 archive rows pid=18
[pg-pool] pid=9 last 60s: opened 5, closed 7, checkouts 4665, waited 1, timed out 0; open 4/8, idle 3, keep 3
[pg-pool] pid=23 last 60s: opened 6, closed 8, checkouts 4488, waited 0, timed out 0; open 5/8, idle 5, keep 3
[pg-pool] pid=22 last 60s: opened 2, closed 4, checkouts 4626, waited 0, timed out 0; open 4/8, idle 4, keep 3
[pg-pool] pid=19 last 60s: opened 2, closed 4, checkouts 4459, waited 0, timed out 0; open 4/8, idle 3, keep 3
[pg-pool] pid=18 last 60s: opened 3, closed 6, checkouts 4479, waited 0, timed out 0; open 4/8, idle 4, keep 3
[pg-pool] pid=20 last 60s: opened 2, closed 5, checkouts 4334, waited 0, timed out 0; open 4/8, idle 3, keep 3
[pg-pool] pid=16 last 60s: opened 4, closed 6, checkouts 4405, waited 0, timed out 0; open 5/8, idle 5, keep 3
[pg-pool] pid=14 last 60s: opened 3, closed 6, checkouts 4615, waited 0, timed out 0; open 4/8, idle 2, keep 3
[slow-write] 766ms to write 165KB + 0 archive rows pid=18
[slow-write] 760ms to write 165KB + 0 archive rows pid=14
[slow-write] 765ms to write 165KB + 0 archive rows pid=20
[slow-write] 782ms to write 4592KB + 0 archive rows pid=23
[slow-write] 779ms to write 165KB + 0 archive rows pid=22
[slow-write] 754ms to write 165KB + 0 archive rows pid=14
[slow-write] 773ms to write 165KB + 0 archive rows pid=20
[slow-write] 773ms to write 165KB + 0 archive rows pid=18
[slow-write] 758ms to write 165KB + 0 archive rows pid=22
[slow-write] 761ms to write 165KB + 0 archive rows pid=20
[slow-write] 760ms to write 4592KB + 0 archive rows pid=9
[slow-write] 756ms to write 165KB + 0 archive rows pid=16
[slow-write] 772ms to write 165KB + 0 archive rows pid=16
[pg-pool] pid=9 last 60s: opened 4, closed 4, checkouts 4503, waited 0, timed out 0; open 4/8, idle 3, keep 3
[pg-pool] pid=23 last 60s: opened 2, closed 3, checkouts 4578, waited 0, timed out 0; open 4/8, idle 4, keep 3
[pg-pool] pid=22 last 60s: opened 4, closed 3, checkouts 4466, waited 0, timed out 0; open 5/8, idle 3, keep 3
[pg-pool] pid=18 last 60s: opened 2, closed 1, checkouts 4632, waited 0, timed out 0; open 5/8, idle 5, keep 3
[pg-pool] pid=19 last 60s: opened 4, closed 3, checkouts 4457, waited 0, timed out 0; open 5/8, idle 5, keep 3
[pg-pool] pid=16 last 60s: opened 4, closed 4, checkouts 4509, waited 0, timed out 0; open 5/8, idle 4, keep 3
[pg-pool] pid=20 last 60s: opened 2, closed 1, checkouts 4461, waited 0, timed out 0; open 5/8, idle 5, keep 3
[pg-pool] pid=14 last 60s: opened 2, closed 2, checkouts 4436, waited 0, timed out 0; open 4/8, idle 4, keep 3
[slow-write] 1039ms to write 165KB + 0 archive rows pid=20
[slow-write] 924ms to write 4592KB + 0 archive rows pid=9
[slow-write] 1058ms to write 4592KB + 0 archive rows pid=14
[slow-write] 1038ms to write 165KB + 0 archive rows pid=16
[slow-write] 1042ms to write 165KB + 0 archive rows pid=18
[slow-write] 1024ms to write 165KB + 0 archive rows pid=23
[slow-write] 786ms to write 165KB + 0 archive rows pid=19
[slow-write] 966ms to write 165KB + 0 archive rows pid=22
[slow-write] 750ms to write 165KB + 0 archive rows pid=22
[slow-write] 1030ms to write 165KB + 0 archive rows pid=18
[slow-write] 998ms to write 165KB + 0 archive rows pid=16
[slow-write] 849ms to write 165KB + 0 archive rows pid=19
[slow-write] 1011ms to write 165KB + 0 archive rows pid=18
[slow-write] 955ms to write 165KB + 0 archive rows pid=23
[slow-write] 915ms to write 165KB + 0 archive rows pid=22
[slow-write] 979ms to write 4592KB + 0 archive rows pid=14
[slow-write] 998ms to write 165KB + 0 archive rows pid=23
[slow-write] 1052ms to write 165KB + 0 archive rows pid=16
[slow-write] 857ms to write 165KB + 0 archive rows pid=19
[slow-write] 990ms to write 165KB + 0 archive rows pid=23
[slow-write] 1049ms to write 165KB + 0 archive rows pid=18
[slow-write] 922ms to write 165KB + 0 archive rows pid=19
[slow-write] 1023ms to write 165KB + 0 archive rows pid=16
[slow-write] 1005ms to write 165KB + 0 archive rows pid=9
[slow-write] 756ms to write 165KB + 0 archive rows pid=22
[slow-write] 954ms to write 165KB + 0 archive rows pid=20
[slow-write] 1046ms to write 165KB + 0 archive rows pid=14
[slow-write] 980ms to write 165KB + 0 archive rows pid=14
[slow-write] 895ms to write 4592KB + 0 archive rows pid=9
[slow-write] 977ms to write 165KB + 0 archive rows pid=20
[slow-write] 919ms to write 165KB + 0 archive rows pid=20
[slow-write] 1038ms to write 4592KB + 0 archive rows pid=9
[pg-pool] pid=9 last 60s: opened 3, closed 2, checkouts 4519, waited 0, timed out 0; open 5/8, idle 5, keep 3
[pg-pool] pid=23 last 60s: opened 5, closed 3, checkouts 4490, waited 0, timed out 0; open 6/8, idle 4, keep 3
[pg-pool] pid=22 last 60s: opened 6, closed 4, checkouts 4524, waited 0, timed out 0; open 7/8, idle 4, keep 3
[pg-pool] pid=20 last 60s: opened 4, closed 3, checkouts 4758, waited 0, timed out 0; open 6/8, idle 5, keep 3
[pg-pool] pid=19 last 60s: opened 6, closed 4, checkouts 4560, waited 0, timed out 0; open 7/8, idle 5, keep 3
[pg-pool] pid=16 last 60s: opened 4, closed 3, checkouts 4428, waited 0, timed out 0; open 6/8, idle 5, keep 3
[pg-pool] pid=18 last 60s: opened 8, closed 6, checkouts 4594, waited 0, timed out 0; open 7/8, idle 7, keep 3
[pg-pool] pid=14 last 60s: opened 6, closed 4, checkouts 4191, waited 0, timed out 0; open 6/8, idle 3, keep 3
[slow-write] 930ms to write 165KB + 0 archive rows pid=16
[slow-write] 962ms to write 165KB + 0 archive rows pid=9
[slow-write] 787ms to write 165KB + 0 archive rows pid=16
[slow-write] 942ms to write 165KB + 0 archive rows pid=19
[slow-write] 844ms to write 4592KB + 0 archive rows pid=18
[slow-write] 793ms to write 165KB + 0 archive rows pid=23
[slow-write] 958ms to write 165KB + 0 archive rows pid=22
[slow-write] 912ms to write 165KB + 0 archive rows pid=14
[slow-write] 968ms to write 165KB + 0 archive rows pid=22
[slow-write] 884ms to write 165KB + 0 archive rows pid=16
[slow-write] 886ms to write 165KB + 0 archive rows pid=22
[slow-write] 927ms to write 165KB + 0 archive rows pid=14
[slow-write] 841ms to write 165KB + 0 archive rows pid=9
[slow-write] 963ms to write 4592KB + 0 archive rows pid=20
[slow-write] 792ms to write 165KB + 0 archive rows pid=16
[slow-write] 882ms to write 165KB + 0 archive rows pid=19
[slow-write] 910ms to write 165KB + 0 archive rows pid=14
[slow-write] 832ms to write 165KB + 0 archive rows pid=9
[slow-write] 952ms to write 165KB + 0 archive rows pid=14
[slow-write] 881ms to write 165KB + 0 archive rows pid=22
[slow-write] 915ms to write 165KB + 0 archive rows pid=19
[slow-write] 854ms to write 165KB + 0 archive rows pid=9
[slow-write] 888ms to write 4592KB + 0 archive rows pid=19
[slow-write] 874ms to write 165KB + 0 archive rows pid=18
[slow-write] 935ms to write 165KB + 0 archive rows pid=18
[slow-write] 797ms to write 165KB + 0 archive rows pid=20
[slow-write] 969ms to write 165KB + 0 archive rows pid=20
[slow-write] 783ms to write 165KB + 0 archive rows pid=20
[slow-write] 961ms to write 4592KB + 0 archive rows pid=18
[slow-write] 1162ms to write 4592KB + 0 archive rows pid=22
[slow-write] 1145ms to write 165KB + 0 archive rows pid=23
[slow-write] 1130ms to write 165KB + 0 archive rows pid=18
[slow-write] 1117ms to write 4592KB + 0 archive rows pid=14
[slow-write] 1150ms to write 165KB + 0 archive rows pid=20
[slow-write] 1157ms to write 165KB + 0 archive rows pid=19
[slow-write] 993ms to write 165KB + 0 archive rows pid=16
[slow-write] 890ms to write 165KB + 0 archive rows pid=9
[slow-write] 1128ms to write 165KB + 0 archive rows pid=23
[slow-write] 1054ms to write 165KB + 0 archive rows pid=20
[slow-write] 1108ms to write 165KB + 0 archive rows pid=19
[slow-write] 1102ms to write 165KB + 0 archive rows pid=20
[slow-write] 936ms to write 165KB + 0 archive rows pid=9
[slow-write] 1064ms to write 165KB + 0 archive rows pid=18
[slow-write] 1028ms to write 4592KB + 0 archive rows pid=19
[slow-write] 925ms to write 4592KB + 0 archive rows pid=16
[slow-write] 1150ms to write 165KB + 0 archive rows pid=23
[slow-write] 977ms to write 165KB + 0 archive rows pid=18
[slow-write] 1145ms to write 165KB + 0 archive rows pid=23
[slow-write] 1083ms to write 4592KB + 0 archive rows pid=18
[slow-write] 890ms to write 165KB + 0 archive rows pid=9
[slow-write] 1114ms to write 165KB + 0 archive rows pid=14
[slow-write] 1081ms to write 165KB + 0 archive rows pid=20
[slow-write] 1099ms to write 165KB + 0 archive rows pid=14
[slow-write] 952ms to write 165KB + 0 archive rows pid=16
[slow-write] 1104ms to write 165KB + 0 archive rows pid=14
[slow-write] 1028ms to write 165KB + 0 archive rows pid=16
[slow-write] 1151ms to write 165KB + 0 archive rows pid=22
[slow-write] 978ms to write 165KB + 0 archive rows pid=22
[slow-write] 1100ms to write 165KB + 0 archive rows pid=22
[slow-write] 1153ms to write 165KB + 0 archive rows pid=19
[slow-write] 879ms to write 165KB + 0 archive rows pid=9
[slow-write] 809ms to write 165KB + 0 archive rows pid=14
[slow-write] 846ms to write 165KB + 0 archive rows pid=20
[slow-write] 864ms to write 4592KB + 0 archive rows pid=19
[slow-write] 862ms to write 165KB + 0 archive rows pid=16
[slow-write] 805ms to write 165KB + 0 archive rows pid=18
[slow-write] 798ms to write 165KB + 0 archive rows pid=9
[slow-write] 864ms to write 165KB + 0 archive rows pid=18
[slow-write] 923ms to write 165KB + 0 archive rows pid=22
[slow-write] 894ms to write 165KB + 0 archive rows pid=20
[slow-write] 837ms to write 4592KB + 0 archive rows pid=9
[slow-write] 891ms to write 4592KB + 0 archive rows pid=16
[slow-write] 757ms to write 165KB + 0 archive rows pid=20
[slow-write] 918ms to write 165KB + 0 archive rows pid=14
[slow-write] 812ms to write 165KB + 0 archive rows pid=19
[slow-write] 794ms to write 165KB + 0 archive rows pid=23
[slow-write] 787ms to write 4592KB + 0 archive rows pid=14
[slow-write] 799ms to write 165KB + 0 archive rows pid=19
[slow-write] 864ms to write 165KB + 0 archive rows pid=19
[slow-write] 921ms to write 165KB + 0 archive rows pid=23
[slow-write] 767ms to write 165KB + 0 archive rows pid=22
[slow-write] 798ms to write 165KB + 0 archive rows pid=23
[slow-write] 778ms to write 4592KB + 0 archive rows pid=22
[slow-write] 831ms to write 165KB + 0 archive rows pid=18
[slow-write] 817ms to write 165KB + 0 archive rows pid=18
[slow-write] 831ms to write 165KB + 0 archive rows pid=9
[slow-write] 878ms to write 165KB + 0 archive rows pid=14
[slow-write] 772ms to write 165KB + 0 archive rows pid=16
[pg-pool] pid=9 last 60s: opened 4, closed 3, checkouts 4638, waited 1, timed out 0; open 6/8, idle 6, keep 3
[pg-pool] pid=23 last 60s: opened 4, closed 4, checkouts 4705, waited 0, timed out 0; open 6/8, idle 6, keep 3
[pg-pool] pid=22 last 60s: opened 4, closed 5, checkouts 4441, waited 7, timed out 0; open 6/8, idle 6, keep 3
[pg-pool] pid=18 last 60s: opened 5, closed 5, checkouts 4405, waited 2, timed out 0; open 7/8, idle 7, keep 3
[pg-pool] pid=19 last 60s: opened 3, closed 5, checkouts 4490, waited 0, timed out 0; open 5/8, idle 5, keep 3
[pg-pool] pid=16 last 60s: opened 6, closed 8, checkouts 4374, waited 1, timed out 0; open 4/8, idle 4, keep 3
[pg-pool] pid=20 last 60s: opened 3, closed 5, checkouts 4660, waited 0, timed out 0; open 4/8, idle 4, keep 3
[pg-pool] pid=14 last 60s: opened 5, closed 6, checkouts 4381, waited 1, timed out 0; open 5/8, idle 5, keep 3
[pg-pool] pid=9 last 60s: opened 3, closed 6, checkouts 1735, waited 0, timed out 0; open 3/8, idle 3, keep 3
[pg-pool] pid=23 last 60s: opened 2, closed 5, checkouts 1963, waited 0, timed out 0; open 3/8, idle 3, keep 3
[pg-pool] pid=19 last 60s: opened 3, closed 5, checkouts 1762, waited 1, timed out 0; open 3/8, idle 3, keep 3
[pg-pool] pid=18 last 60s: opened 2, closed 6, checkouts 1933, waited 0, timed out 0; open 3/8, idle 3, keep 3
[pg-pool] pid=16 last 60s: opened 2, closed 3, checkouts 1812, waited 0, timed out 0; open 3/8, idle 3, keep 3
[pg-pool] pid=20 last 60s: opened 5, closed 6, checkouts 1987, waited 1, timed out 0; open 3/8, idle 3, keep 3
[pg-pool] pid=14 last 60s: opened 2, closed 4, checkouts 1885, waited 0, timed out 0; open 3/8, idle 3, keep 3
