The files belonging to this database system will be owned by user "postgres".
This user must also own the server process.

The database cluster will be initialized with locale "en_US.utf8".
The default database encoding has accordingly been set to "UTF8".
The default text search configuration will be set to "english".

Data page checksums are disabled.

fixing permissions on existing directory /var/lib/postgresql/data ... ok
creating subdirectories ... ok
selecting dynamic shared memory implementation ... posix
selecting default max_connections ... 100
selecting default shared_buffers ... 128MB
selecting default time zone ... UTC
creating configuration files ... ok
running bootstrap script ... ok
performing post-bootstrap initialization ... ok
syncing data to disk ... ok


Success. You can now start the database server using:

    pg_ctl -D /var/lib/postgresql/data -l logfile start

waiting for server to start....2026-10-05 23:36:11.723 UTC [59] LOG:  starting PostgreSQL 16.15 on x86_64-pc-linux-musl, compiled by gcc (Alpine 15.2.0) 15.2.0, 64-bit
2026-10-05 23:36:11.724 UTC [59] LOG:  listening on Unix socket "/var/run/postgresql/.s.PGSQL.5432"
2026-10-05 23:36:11.727 UTC [62] LOG:  database system was shut down at 2026-10-05 23:36:11 UTC
2026-10-05 23:36:11.731 UTC [59] LOG:  database system is ready to accept connections
2026-10-05 23:36:11.743 UTC [66] FATAL:  database "capacity" does not exist
 done
server started
CREATE DATABASE


/usr/local/bin/docker-entrypoint.sh: ignoring /docker-entrypoint-initdb.d/*

waiting for server to shut down....2026-10-05 23:36:12.032 UTC [59] LOG:  received fast shutdown request
2026-10-05 23:36:12.034 UTC [59] LOG:  aborting any active transactions
2026-10-05 23:36:12.036 UTC [59] LOG:  background worker "logical replication launcher" (PID 65) exited with exit code 1
2026-10-05 23:36:12.036 UTC [60] LOG:  shutting down
2026-10-05 23:36:12.037 UTC [60] LOG:  checkpoint starting: shutdown immediate
2026-10-05 23:36:12.091 UTC [60] LOG:  checkpoint complete: wrote 926 buffers (2.8%); 0 WAL file(s) added, 0 removed, 0 recycled; write=0.020 s, sync=0.031 s, total=0.056 s; sync files=301, longest=0.002 s, average=0.001 s; distance=1809 kB, estimate=1809 kB; lsn=0/16BB798, redo lsn=0/16BB798
2026-10-05 23:36:12.116 UTC [59] LOG:  database system is shut down
 done
server stopped

PostgreSQL init process complete; ready for start up.

sh: locale: not found
2026-10-05 23:36:11.171 UTC [47] WARNING:  no usable system locales were found
initdb: warning: enabling "trust" authentication for local connections
initdb: hint: You can change this by editing pg_hba.conf or using the option -A, or --auth-local and --auth-host, the next time you run initdb.
2026-10-05 23:36:12.153 UTC [1] LOG:  starting PostgreSQL 16.15 on x86_64-pc-linux-musl, compiled by gcc (Alpine 15.2.0) 15.2.0, 64-bit
2026-10-05 23:36:12.153 UTC [1] LOG:  listening on IPv4 address "0.0.0.0", port 5432
2026-10-05 23:36:12.153 UTC [1] LOG:  listening on IPv6 address "::", port 5432
2026-10-05 23:36:12.155 UTC [1] LOG:  listening on Unix socket "/var/run/postgresql/.s.PGSQL.5432"
2026-10-05 23:36:12.159 UTC [76] LOG:  database system was shut down at 2026-10-05 23:36:12 UTC
2026-10-05 23:36:12.163 UTC [1] LOG:  database system is ready to accept connections
2026-10-05 23:41:12.811 UTC [74] LOG:  checkpoint starting: time
2026-10-05 23:45:36.201 UTC [74] LOG:  checkpoint complete: wrote 1870 buffers (5.7%); 0 WAL file(s) added, 20 removed, 72 recycled; write=261.691 s, sync=1.056 s, total=263.391 s; sync files=603, longest=0.832 s, average=0.002 s; distance=1506563 kB, estimate=1506563 kB; lsn=0/D6290B90, redo lsn=0/5D5FC670
2026-10-05 23:46:03.936 UTC [74] LOG:  checkpoint starting: wal
2026-10-05 23:47:15.177 UTC [346] ERROR:  deadlock detected
2026-10-05 23:47:15.177 UTC [346] DETAIL:  Process 346 waits for ShareLock on transaction 100124; blocked by process 332.
	Process 332 waits for ShareLock on transaction 100089; blocked by process 346.
	Process 346: INSERT INTO stat_actions AS a (day, sid, career, action, n, errors, err)
	SELECT u.day, left(u.sid, 16), u.career, u.action, u.n, u.errors, u.err
	FROM unnest($1::text[], $2::text[], $3::text[], $4::text[], $5::bigint[], $6::bigint[], $7::text[]) AS u(day, sid, career, action, n, errors, err)
	WHERE EXISTS (SELECT 1 FROM sessions s WHERE s.sid = u.sid)
	ON CONFLICT (day, sid, career, action) DO UPDATE SET n = a.n + EXCLUDED.n, errors = a.errors + EXCLUDED.errors,
	  err = COALESCE(EXCLUDED.err, a.err)
	Process 332: INSERT INTO stat_actions AS a (day, sid, career, action, n, errors, err)
	SELECT u.day, left(u.sid, 16), u.career, u.action, u.n, u.errors, u.err
	FROM unnest($1::text[], $2::text[], $3::text[], $4::text[], $5::bigint[], $6::bigint[], $7::text[]) AS u(day, sid, career, action, n, errors, err)
	WHERE EXISTS (SELECT 1 FROM sessions s WHERE s.sid = u.sid)
	ON CONFLICT (day, sid, career, action) DO UPDATE SET n = a.n + EXCLUDED.n, errors = a.errors + EXCLUDED.errors,
	  err = COALESCE(EXCLUDED.err, a.err)
2026-10-05 23:47:15.177 UTC [346] HINT:  See server log for query details.
2026-10-05 23:47:15.177 UTC [346] CONTEXT:  while inserting index tuple (11,115) in relation "stat_actions"
2026-10-05 23:47:15.177 UTC [346] STATEMENT:  INSERT INTO stat_actions AS a (day, sid, career, action, n, errors, err)
	SELECT u.day, left(u.sid, 16), u.career, u.action, u.n, u.errors, u.err
	FROM unnest($1::text[], $2::text[], $3::text[], $4::text[], $5::bigint[], $6::bigint[], $7::text[]) AS u(day, sid, career, action, n, errors, err)
	WHERE EXISTS (SELECT 1 FROM sessions s WHERE s.sid = u.sid)
	ON CONFLICT (day, sid, career, action) DO UPDATE SET n = a.n + EXCLUDED.n, errors = a.errors + EXCLUDED.errors,
	  err = COALESCE(EXCLUDED.err, a.err)
