  Bản tĩnh theo mã băm: 469 tệp mới trong /tmp/cas

  PHỐ CÓ CHUYỆN · v1.7.15
  Chơi tại: http://127.0.0.1:8765
  Lưu tại: PostgreSQL
  AI phản hồi: tắt (lời thoại có sẵn) · Web push: bật · 8 tiến trình
  Nhấn Ctrl+C để dừng.

/app/server.py:1429: DeprecationWarning: This process (pid=7) is multi-threaded, use of fork() may lead to deadlocks in the child.
  pid=os.fork()
[leaderboard] backfill: 1000 saves
[lb_titles] weekly titles refreshed for 2026-10-06
[pg-pool] pid=7 last 60s: opened 1, closed 1, checkouts 12, waited 0, timed out 0; open 0/8, idle 0, keep 3
[pg-pool] pid=9 last 60s: opened 6, closed 3, checkouts 1497, waited 0, timed out 0; open 3/8, idle 3, keep 3
[pg-pool] pid=24 last 60s: opened 10, closed 4, checkouts 3465, waited 3, timed out 0; open 6/8, idle 5, keep 3
[pg-pool] pid=20 last 60s: opened 7, closed 3, checkouts 2854, waited 0, timed out 0; open 4/8, idle 3, keep 3
[pg-pool] pid=16 last 60s: opened 7, closed 2, checkouts 3030, waited 0, timed out 0; open 5/8, idle 5, keep 3
[pg-pool] pid=25 last 60s: opened 10, closed 5, checkouts 2877, waited 0, timed out 0; open 5/8, idle 5, keep 3
[pg-pool] pid=23 last 60s: opened 8, closed 1, checkouts 3817, waited 0, timed out 0; open 7/8, idle 7, keep 3
[pg-pool] pid=14 last 60s: opened 5, closed 2, checkouts 1513, waited 0, timed out 0; open 3/8, idle 3, keep 3
[pg-pool] pid=19 last 60s: opened 8, closed 1, checkouts 3138, waited 0, timed out 0; open 7/8, idle 4, keep 3
[pg-pool] pid=9 last 60s: opened 5, closed 3, checkouts 2661, waited 0, timed out 0; open 5/8, idle 2, keep 3
[pg-pool] pid=24 last 60s: opened 4, closed 4, checkouts 5028, waited 0, timed out 0; open 6/8, idle 3, keep 3
[pg-pool] pid=16 last 60s: opened 6, closed 5, checkouts 5103, waited 0, timed out 0; open 6/8, idle 3, keep 3
[pg-pool] pid=20 last 60s: opened 3, closed 2, checkouts 4439, waited 0, timed out 0; open 5/8, idle 3, keep 3
[pg-pool] pid=23 last 60s: opened 3, closed 4, checkouts 5818, waited 0, timed out 0; open 6/8, idle 3, keep 3
[pg-pool] pid=25 last 60s: opened 4, closed 4, checkouts 5572, waited 1, timed out 0; open 5/8, idle 1, keep 3
[pg-pool] pid=14 last 60s: opened 5, closed 3, checkouts 2676, waited 0, timed out 0; open 5/8, idle 5, keep 3
[pg-pool] pid=19 last 60s: opened 6, closed 5, checkouts 4614, waited 0, timed out 0; open 8/8, idle 6, keep 3
[retention] flush: DeadlockDetected: deadlock detected DETAIL: Process 212 waits for ShareLock on transaction 31470; blocked by process 206. Process 206 waits for ShareLock on transaction 31466; blocked by process 212. HINT: See server l
[retention] flush: DeadlockDetected: deadlock detected DETAIL: Process 174 waits for ShareLock on transaction 31470; blocked by process 206. Process 206 waits for ShareLock on transaction 31469; blocked by process 83. Process 83 waits fo
[retention] flush: DeadlockDetected: deadlock detected DETAIL: Process 206 waits for ShareLock on transaction 31469; blocked by process 83. Process 83 waits for ShareLock on transaction 31470; blocked by process 206. HINT: See server log
[retention] flush: DeadlockDetected: deadlock detected DETAIL: Process 83 waits for ShareLock on transaction 31737; blocked by process 128. Process 128 waits for ShareLock on transaction 31469; blocked by process 83. HINT: See server log
[pg-pool] pid=9 last 60s: opened 4, closed 3, checkouts 2829, waited 0, timed out 0; open 6/8, idle 5, keep 3
[pg-pool] pid=24 last 60s: opened 7, closed 5, checkouts 5005, waited 0, timed out 0; open 8/8, idle 8, keep 3
[pg-pool] pid=20 last 60s: opened 3, closed 2, checkouts 4432, waited 0, timed out 0; open 6/8, idle 6, keep 3
[pg-pool] pid=23 last 60s: opened 3, closed 3, checkouts 6025, waited 0, timed out 0; open 6/8, idle 5, keep 3
[pg-pool] pid=25 last 60s: opened 4, closed 2, checkouts 5777, waited 0, timed out 0; open 7/8, idle 7, keep 3
[pg-pool] pid=16 last 60s: opened 4, closed 4, checkouts 5148, waited 0, timed out 0; open 6/8, idle 6, keep 3
[pg-pool] pid=14 last 60s: opened 4, closed 3, checkouts 2610, waited 0, timed out 0; open 6/8, idle 6, keep 3
[pg-pool] pid=19 last 60s: opened 5, closed 5, checkouts 4395, waited 0, timed out 0; open 8/8, idle 7, keep 3
[pg-pool] pid=9 last 60s: opened 2, closed 3, checkouts 2733, waited 0, timed out 0; open 5/8, idle 1, keep 3
[pg-pool] pid=24 last 60s: opened 2, closed 3, checkouts 4967, waited 0, timed out 0; open 7/8, idle 4, keep 3
[pg-pool] pid=20 last 60s: opened 3, closed 4, checkouts 4412, waited 0, timed out 0; open 5/8, idle 4, keep 3
[pg-pool] pid=25 last 60s: opened 2, closed 3, checkouts 5796, waited 0, timed out 0; open 6/8, idle 5, keep 3
[pg-pool] pid=16 last 60s: opened 2, closed 2, checkouts 5143, waited 0, timed out 0; open 6/8, idle 4, keep 3
[pg-pool] pid=23 last 60s: opened 1, closed 1, checkouts 6069, waited 0, timed out 0; open 6/8, idle 4, keep 3
[pg-pool] pid=14 last 60s: opened 2, closed 3, checkouts 2541, waited 0, timed out 0; open 5/8, idle 5, keep 3
[pg-pool] pid=19 last 60s: opened 3, closed 6, checkouts 4371, waited 0, timed out 0; open 5/8, idle 5, keep 3
[slow-write] 909ms to write 165KB + 0 archive rows pid=25
[slow-write] 1263ms to write 165KB + 0 archive rows pid=9
[slow-write] 1279ms to write 165KB + 0 archive rows pid=23
[slow-write] 1292ms to write 165KB + 0 archive rows pid=20
[slow-write] 1205ms to write 4592KB + 0 archive rows pid=24
[slow-write] 1301ms to write 165KB + 0 archive rows pid=16
[slow-write] 1267ms to write 165KB + 0 archive rows pid=25
[slow-write] 1222ms to write 165KB + 0 archive rows pid=16
[slow-write] 1259ms to write 165KB + 0 archive rows pid=25
[slow-write] 1155ms to write 165KB + 0 archive rows pid=9
[slow-write] 1290ms to write 165KB + 0 archive rows pid=14
[slow-write] 1146ms to write 165KB + 0 archive rows pid=14
[slow-write] 1136ms to write 165KB + 0 archive rows pid=14
[slow-write] 1267ms to write 165KB + 0 archive rows pid=23
[slow-write] 1279ms to write 165KB + 0 archive rows pid=25
[slow-write] 1217ms to write 165KB + 0 archive rows pid=20
[slow-write] 1239ms to write 165KB + 0 archive rows pid=9
[slow-write] 1189ms to write 165KB + 0 archive rows pid=20
[slow-write] 1246ms to write 4592KB + 0 archive rows pid=19
[slow-write] 1230ms to write 165KB + 0 archive rows pid=19
[slow-write] 931ms to write 165KB + 0 archive rows pid=9
[slow-write] 1229ms to write 165KB + 0 archive rows pid=24
[slow-write] 1241ms to write 165KB + 0 archive rows pid=23
[slow-write] 1268ms to write 165KB + 0 archive rows pid=19
[slow-write] 1290ms to write 165KB + 0 archive rows pid=16
[slow-write] 1206ms to write 165KB + 0 archive rows pid=23
[slow-write] 1322ms to write 4592KB + 0 archive rows pid=20
[slow-write] 1289ms to write 165KB + 0 archive rows pid=24
[slow-write] 1289ms to write 165KB + 0 archive rows pid=24
[slow-write] 1272ms to write 165KB + 0 archive rows pid=16
[slow-write] 1248ms to write 165KB + 0 archive rows pid=19
[slow-write] 1233ms to write 165KB + 0 archive rows pid=14
[slow-write] 1301ms to write 165KB + 0 archive rows pid=25
[slow-write] 1294ms to write 165KB + 0 archive rows pid=23
[slow-write] 1299ms to write 165KB + 0 archive rows pid=20
[slow-write] 1303ms to write 165KB + 0 archive rows pid=14
[slow-write] 1264ms to write 165KB + 0 archive rows pid=24
[slow-write] 1261ms to write 165KB + 0 archive rows pid=16
[slow-write] 1230ms to write 4592KB + 0 archive rows pid=25
[slow-write] 1287ms to write 165KB + 0 archive rows pid=19
[slow-write] 1210ms to write 165KB + 0 archive rows pid=9
[slow-write] 1301ms to write 165KB + 0 archive rows pid=19
[slow-write] 1283ms to write 165KB + 0 archive rows pid=20
[slow-write] 1290ms to write 165KB + 0 archive rows pid=16
[slow-write] 1277ms to write 165KB + 0 archive rows pid=9
[slow-write] 1325ms to write 165KB + 0 archive rows pid=24
[slow-write] 1228ms to write 165KB + 0 archive rows pid=20
[slow-write] 1285ms to write 165KB + 0 archive rows pid=14
[slow-write] 1190ms to write 165KB + 0 archive rows pid=14
[slow-write] 1259ms to write 165KB + 0 archive rows pid=20
[slow-write] 1269ms to write 165KB + 0 archive rows pid=16
[slow-write] 1272ms to write 165KB + 0 archive rows pid=19
[slow-write] 1213ms to write 165KB + 0 archive rows pid=23
[slow-write] 1243ms to write 165KB + 0 archive rows pid=23
[slow-write] 1225ms to write 165KB + 0 archive rows pid=9
[slow-write] 1337ms to write 165KB + 0 archive rows pid=19
[slow-write] 1310ms to write 165KB + 0 archive rows pid=24
[slow-write] 1132ms to write 4592KB + 0 archive rows pid=9
[slow-write] 1151ms to write 165KB + 0 archive rows pid=23
[slow-write] 1260ms to write 4592KB + 0 archive rows pid=24
[slow-write] 1213ms to write 165KB + 0 archive rows pid=14
[slow-write] 1268ms to write 165KB + 0 archive rows pid=25
[slow-write] 1339ms to write 4592KB + 0 archive rows pid=25
[pg-pool] pid=9 last 60s: opened 5, closed 4, checkouts 2908, waited 0, timed out 0; open 6/8, idle 3, keep 3
[pg-pool] pid=20 last 60s: opened 4, closed 3, checkouts 4523, waited 6, timed out 0; open 6/8, idle 3, keep 3
[pg-pool] pid=24 last 60s: opened 2, closed 3, checkouts 4794, waited 0, timed out 0; open 6/8, idle 2, keep 3
[pg-pool] pid=16 last 60s: opened 2, closed 1, checkouts 5143, waited 0, timed out 0; open 7/8, idle 5, keep 3
[pg-pool] pid=25 last 60s: opened 2, closed 2, checkouts 5588, waited 0, timed out 0; open 6/8, idle 4, keep 3
[pg-pool] pid=23 last 60s: opened 2, closed 2, checkouts 5823, waited 0, timed out 0; open 6/8, idle 3, keep 3
[pg-pool] pid=14 last 60s: opened 7, closed 4, checkouts 2760, waited 0, timed out 0; open 8/8, idle 8, keep 3
[pg-pool] pid=19 last 60s: opened 5, closed 4, checkouts 4349, waited 5, timed out 0; open 6/8, idle 3, keep 3
[slow-write] 784ms to write 165KB + 0 archive rows pid=9
[slow-write] 782ms to write 165KB + 0 archive rows pid=23
[slow-write] 810ms to write 165KB + 0 archive rows pid=16
[slow-write] 833ms to write 4592KB + 0 archive rows pid=20
[slow-write] 828ms to write 165KB + 0 archive rows pid=24
[slow-write] 819ms to write 165KB + 0 archive rows pid=9
[slow-write] 760ms to write 4592KB + 0 archive rows pid=24
[slow-write] 820ms to write 165KB + 0 archive rows pid=23
[slow-write] 837ms to write 165KB + 0 archive rows pid=19
[slow-write] 831ms to write 165KB + 0 archive rows pid=25
[slow-write] 773ms to write 165KB + 0 archive rows pid=23
[slow-write] 790ms to write 165KB + 0 archive rows pid=9
[slow-write] 790ms to write 165KB + 0 archive rows pid=19
[slow-write] 773ms to write 165KB + 0 archive rows pid=20
[slow-write] 836ms to write 4592KB + 0 archive rows pid=19
[slow-write] 848ms to write 4592KB + 0 archive rows pid=16
[slow-write] 777ms to write 165KB + 0 archive rows pid=20
[slow-write] 821ms to write 165KB + 0 archive rows pid=24
[slow-write] 842ms to write 165KB + 0 archive rows pid=25
[slow-write] 840ms to write 165KB + 0 archive rows pid=20
[slow-write] 785ms to write 165KB + 0 archive rows pid=23
[slow-write] 784ms to write 4592KB + 0 archive rows pid=19
[slow-write] 775ms to write 4592KB + 0 archive rows pid=16
[slow-write] 847ms to write 165KB + 0 archive rows pid=16
[slow-write] 763ms to write 4592KB + 0 archive rows pid=25
[slow-write] 792ms to write 165KB + 0 archive rows pid=24
[slow-write] 767ms to write 165KB + 0 archive rows pid=16
[slow-write] 763ms to write 165KB + 0 archive rows pid=9
[slow-write] 762ms to write 165KB + 0 archive rows pid=20
[slow-write] 833ms to write 4592KB + 0 archive rows pid=16
[slow-write] 784ms to write 165KB + 0 archive rows pid=23
[slow-write] 792ms to write 165KB + 0 archive rows pid=24
[slow-write] 804ms to write 4592KB + 0 archive rows pid=16
[slow-write] 755ms to write 165KB + 0 archive rows pid=25
[slow-write] 768ms to write 165KB + 0 archive rows pid=23
[slow-write] 777ms to write 165KB + 0 archive rows pid=24
[slow-write] 797ms to write 165KB + 0 archive rows pid=20
[slow-write] 812ms to write 165KB + 0 archive rows pid=20
[slow-write] 761ms to write 165KB + 0 archive rows pid=19
[slow-write] 968ms to write 165KB + 0 archive rows pid=9
[slow-write] 923ms to write 165KB + 0 archive rows pid=19
[slow-write] 926ms to write 165KB + 0 archive rows pid=23
[slow-write] 928ms to write 165KB + 0 archive rows pid=20
[slow-write] 873ms to write 165KB + 0 archive rows pid=9
[slow-write] 948ms to write 165KB + 0 archive rows pid=20
[slow-write] 828ms to write 4592KB + 0 archive rows pid=24
[slow-write] 924ms to write 165KB + 0 archive rows pid=25
[slow-write] 794ms to write 4592KB + 0 archive rows pid=19
[slow-write] 938ms to write 165KB + 0 archive rows pid=23
[slow-write] 977ms to write 165KB + 0 archive rows pid=16
[slow-write] 891ms to write 165KB + 0 archive rows pid=25
[slow-write] 835ms to write 4592KB + 0 archive rows pid=14
[slow-write] 903ms to write 165KB + 0 archive rows pid=23
[slow-write] 861ms to write 4592KB + 0 archive rows pid=25
[slow-write] 822ms to write 165KB + 0 archive rows pid=19
[slow-write] 966ms to write 4592KB + 0 archive rows pid=24
[slow-write] 906ms to write 4592KB + 0 archive rows pid=16
[slow-write] 895ms to write 165KB + 0 archive rows pid=20
[slow-write] 827ms to write 4592KB + 0 archive rows pid=9
[slow-write] 840ms to write 4592KB + 0 archive rows pid=20
[slow-write] 952ms to write 165KB + 0 archive rows pid=14
[slow-write] 967ms to write 165KB + 0 archive rows pid=14
[slow-write] 936ms to write 165KB + 0 archive rows pid=23
[slow-write] 872ms to write 4592KB + 0 archive rows pid=19
[slow-write] 929ms to write 165KB + 0 archive rows pid=14
[slow-write] 871ms to write 4592KB + 0 archive rows pid=16
[slow-write] 994ms to write 165KB + 0 archive rows pid=24
[slow-write] 936ms to write 165KB + 0 archive rows pid=25
[slow-write] 935ms to write 165KB + 0 archive rows pid=9
[slow-write] 1002ms to write 165KB + 0 archive rows pid=16
[slow-write] 927ms to write 165KB + 0 archive rows pid=24
[slow-write] 803ms to write 165KB + 0 archive rows pid=23
[slow-write] 797ms to write 165KB + 0 archive rows pid=14
[slow-write] 813ms to write 165KB + 0 archive rows pid=25
[slow-write] 777ms to write 165KB + 0 archive rows pid=24
[slow-write] 777ms to write 165KB + 0 archive rows pid=9
[slow-write] 788ms to write 4592KB + 0 archive rows pid=19
[slow-write] 797ms to write 165KB + 0 archive rows pid=16
[slow-write] 801ms to write 165KB + 0 archive rows pid=25
[slow-write] 759ms to write 165KB + 0 archive rows pid=24
[slow-write] 814ms to write 165KB + 0 archive rows pid=16
[slow-write] 819ms to write 165KB + 0 archive rows pid=25
[slow-write] 782ms to write 165KB + 0 archive rows pid=16
[slow-write] 821ms to write 4592KB + 0 archive rows pid=19
[slow-write] 761ms to write 165KB + 0 archive rows pid=23
[slow-write] 761ms to write 4592KB + 0 archive rows pid=16
[slow-write] 781ms to write 165KB + 0 archive rows pid=19
[slow-write] 767ms to write 4592KB + 0 archive rows pid=25
[pg-pool] pid=9 last 60s: opened 4, closed 4, checkouts 4002, waited 0, timed out 0; open 6/8, idle 6, keep 3
[pg-pool] pid=24 last 60s: opened 4, closed 3, checkouts 4516, waited 1, timed out 0; open 7/8, idle 7, keep 3
[pg-pool] pid=16 last 60s: opened 3, closed 4, checkouts 4984, waited 0, timed out 0; open 6/8, idle 5, keep 3
[pg-pool] pid=23 last 60s: opened 3, closed 3, checkouts 5033, waited 0, timed out 0; open 6/8, idle 6, keep 3
[pg-pool] pid=14 last 60s: opened 4, closed 6, checkouts 3627, waited 0, timed out 0; open 6/8, idle 6, keep 3
[pg-pool] pid=20 last 60s: opened 3, closed 3, checkouts 4738, waited 0, timed out 0; open 6/8, idle 6, keep 3
[pg-pool] pid=25 last 60s: opened 3, closed 3, checkouts 4853, waited 0, timed out 0; open 6/8, idle 3, keep 3
[pg-pool] pid=19 last 60s: opened 4, closed 3, checkouts 4519, waited 0, timed out 0; open 7/8, idle 7, keep 3
[slow-write] 971ms to write 165KB + 0 archive rows pid=23
[slow-write] 910ms to write 165KB + 0 archive rows pid=20
[slow-write] 902ms to write 165KB + 0 archive rows pid=16
[slow-write] 919ms to write 165KB + 0 archive rows pid=23
[slow-write] 1003ms to write 4592KB + 0 archive rows pid=14
[slow-write] 769ms to write 4592KB + 0 archive rows pid=19
[slow-write] 789ms to write 165KB + 0 archive rows pid=19
[slow-write] 957ms to write 165KB + 0 archive rows pid=24
[slow-write] 985ms to write 165KB + 0 archive rows pid=25
[slow-write] 871ms to write 165KB + 0 archive rows pid=20
[slow-write] 1036ms to write 165KB + 0 archive rows pid=24
[slow-write] 961ms to write 165KB + 0 archive rows pid=24
[slow-write] 887ms to write 4592KB + 0 archive rows pid=19
[slow-write] 991ms to write 165KB + 0 archive rows pid=25
[slow-write] 851ms to write 165KB + 0 archive rows pid=9
[slow-write] 868ms to write 4592KB + 0 archive rows pid=16
[slow-write] 923ms to write 165KB + 0 archive rows pid=23
[slow-write] 775ms to write 165KB + 0 archive rows pid=20
[slow-write] 787ms to write 165KB + 0 archive rows pid=14
[slow-write] 826ms to write 4592KB + 0 archive rows pid=9
[slow-write] 841ms to write 165KB + 0 archive rows pid=14
[slow-write] 861ms to write 165KB + 0 archive rows pid=20
[slow-write] 950ms to write 165KB + 0 archive rows pid=25
[slow-write] 870ms to write 165KB + 0 archive rows pid=14
[slow-write] 862ms to write 165KB + 0 archive rows pid=25
[slow-write] 991ms to write 165KB + 0 archive rows pid=23
[slow-write] 919ms to write 165KB + 0 archive rows pid=16
[slow-write] 970ms to write 165KB + 0 archive rows pid=24
[slow-write] 878ms to write 4592KB + 0 archive rows pid=16
[slow-write] 806ms to write 165KB + 0 archive rows pid=19
[slow-write] 828ms to write 165KB + 0 archive rows pid=9
[slow-write] 875ms to write 165KB + 0 archive rows pid=9
[slow-write] 782ms to write 4592KB + 0 archive rows pid=9
[slow-write] 769ms to write 165KB + 0 archive rows pid=23
[slow-write] 761ms to write 165KB + 0 archive rows pid=24
[slow-write] 760ms to write 165KB + 0 archive rows pid=14
[slow-write] 767ms to write 165KB + 0 archive rows pid=19
[slow-write] 762ms to write 165KB + 0 archive rows pid=24
[slow-write] 752ms to write 165KB + 0 archive rows pid=25
[pg-pool] pid=9 last 60s: opened 2, closed 2, checkouts 3717, waited 0, timed out 0; open 6/8, idle 6, keep 3
[pg-pool] pid=24 last 60s: opened 4, closed 3, checkouts 4419, waited 0, timed out 0; open 8/8, idle 8, keep 3
[pg-pool] pid=16 last 60s: opened 2, closed 1, checkouts 5382, waited 0, timed out 0; open 7/8, idle 7, keep 3
[pg-pool] pid=23 last 60s: opened 3, closed 3, checkouts 4616, waited 0, timed out 0; open 6/8, idle 3, keep 3
[pg-pool] pid=20 last 60s: opened 4, closed 4, checkouts 4810, waited 0, timed out 0; open 6/8, idle 6, keep 3
[pg-pool] pid=14 last 60s: opened 1, closed 2, checkouts 3096, waited 0, timed out 0; open 5/8, idle 5, keep 3
[pg-pool] pid=25 last 60s: opened 2, closed 2, checkouts 5526, waited 0, timed out 0; open 6/8, idle 5, keep 3
[pg-pool] pid=19 last 60s: opened 2, closed 3, checkouts 4485, waited 0, timed out 0; open 6/8, idle 6, keep 3
[slow-write] 1021ms to write 165KB + 0 archive rows pid=25
[slow-write] 1011ms to write 165KB + 0 archive rows pid=16
[slow-write] 922ms to write 165KB + 0 archive rows pid=20
[slow-write] 981ms to write 165KB + 0 archive rows pid=23
[slow-write] 1002ms to write 165KB + 0 archive rows pid=9
[slow-write] 941ms to write 165KB + 0 archive rows pid=9
[slow-write] 902ms to write 165KB + 0 archive rows pid=24
[slow-write] 930ms to write 165KB + 0 archive rows pid=19
[slow-write] 997ms to write 4592KB + 0 archive rows pid=25
[slow-write] 963ms to write 4592KB + 0 archive rows pid=23
[slow-write] 995ms to write 165KB + 0 archive rows pid=9
[slow-write] 886ms to write 165KB + 0 archive rows pid=20
[slow-write] 855ms to write 165KB + 0 archive rows pid=20
[slow-write] 829ms to write 4592KB + 0 archive rows pid=19
[slow-write] 866ms to write 165KB + 0 archive rows pid=24
[slow-write] 898ms to write 165KB + 0 archive rows pid=20
[slow-write] 971ms to write 165KB + 0 archive rows pid=16
[slow-write] 1028ms to write 165KB + 0 archive rows pid=24
[slow-write] 864ms to write 165KB + 0 archive rows pid=9
[slow-write] 847ms to write 165KB + 0 archive rows pid=24
[slow-write] 966ms to write 165KB + 0 archive rows pid=16
[slow-write] 988ms to write 165KB + 0 archive rows pid=19
[slow-write] 1056ms to write 165KB + 0 archive rows pid=25
[slow-write] 1001ms to write 165KB + 0 archive rows pid=16
[slow-write] 1007ms to write 165KB + 0 archive rows pid=23
[slow-write] 934ms to write 4592KB + 0 archive rows pid=23
[slow-write] 955ms to write 165KB + 0 archive rows pid=19
[slow-write] 1001ms to write 4592KB + 0 archive rows pid=25
[slow-write] 918ms to write 4592KB + 0 archive rows pid=14
[pg-pool] pid=9 last 60s: opened 2, closed 2, checkouts 3664, waited 0, timed out 0; open 6/8, idle 6, keep 3
[pg-pool] pid=24 last 60s: opened 2, closed 5, checkouts 4464, waited 0, timed out 0; open 5/8, idle 4, keep 3
[pg-pool] pid=16 last 60s: opened 2, closed 3, checkouts 5307, waited 0, timed out 0; open 6/8, idle 5, keep 3
[pg-pool] pid=23 last 60s: opened 4, closed 4, checkouts 4696, waited 0, timed out 0; open 6/8, idle 6, keep 3
[pg-pool] pid=14 last 60s: opened 4, closed 4, checkouts 2958, waited 0, timed out 0; open 5/8, idle 5, keep 3
[pg-pool] pid=20 last 60s: opened 4, closed 3, checkouts 4794, waited 0, timed out 0; open 7/8, idle 7, keep 3
[pg-pool] pid=25 last 60s: opened 3, closed 3, checkouts 5640, waited 0, timed out 0; open 6/8, idle 4, keep 3
[pg-pool] pid=19 last 60s: opened 2, closed 1, checkouts 4556, waited 0, timed out 0; open 7/8, idle 6, keep 3
[retention] flush: DeadlockDetected: deadlock detected DETAIL: Process 264 waits for ShareLock on transaction 99444; blocked by process 382. Process 382 waits for ShareLock on transaction 99445; blocked by process 264. HINT: See server l
[pg-pool] pid=9 last 60s: opened 6, closed 6, checkouts 3633, waited 0, timed out 0; open 6/8, idle 6, keep 3
[pg-pool] pid=24 last 60s: opened 4, closed 2, checkouts 4493, waited 0, timed out 0; open 7/8, idle 4, keep 3
[pg-pool] pid=16 last 60s: opened 6, closed 5, checkouts 5307, waited 0, timed out 0; open 7/8, idle 7, keep 3
[pg-pool] pid=23 last 60s: opened 4, closed 4, checkouts 4668, waited 0, timed out 0; open 6/8, idle 6, keep 3
[pg-pool] pid=14 last 60s: opened 4, closed 4, checkouts 2903, waited 0, timed out 0; open 5/8, idle 5, keep 3
[pg-pool] pid=20 last 60s: opened 4, closed 5, checkouts 4749, waited 0, timed out 0; open 6/8, idle 6, keep 3
[pg-pool] pid=25 last 60s: opened 3, closed 2, checkouts 5716, waited 0, timed out 0; open 7/8, idle 6, keep 3
[pg-pool] pid=19 last 60s: opened 4, closed 5, checkouts 4593, waited 0, timed out 0; open 6/8, idle 5, keep 3
[pg-pool] pid=9 last 60s: opened 4, closed 4, checkouts 3922, waited 0, timed out 0; open 6/8, idle 4, keep 3
[pg-pool] pid=16 last 60s: opened 5, closed 6, checkouts 5295, waited 3, timed out 0; open 6/8, idle 5, keep 3
[pg-pool] pid=24 last 60s: opened 4, closed 6, checkouts 4371, waited 4, timed out 0; open 5/8, idle 5, keep 3
[pg-pool] pid=14 last 60s: opened 5, closed 5, checkouts 3454, waited 0, timed out 0; open 5/8, idle 4, keep 3
[pg-pool] pid=23 last 60s: opened 3, closed 3, checkouts 4647, waited 0, timed out 0; open 6/8, idle 6, keep 3
[pg-pool] pid=20 last 60s: opened 5, closed 6, checkouts 4700, waited 1, timed out 0; open 5/8, idle 5, keep 3
[pg-pool] pid=25 last 60s: opened 3, closed 4, checkouts 5126, waited 0, timed out 0; open 6/8, idle 6, keep 3
[pg-pool] pid=19 last 60s: opened 5, closed 3, checkouts 4531, waited 0, timed out 0; open 8/8, idle 8, keep 3
[pg-pool] pid=9 last 60s: opened 1, closed 4, checkouts 1557, waited 0, timed out 0; open 3/8, idle 3, keep 3
[pg-pool] pid=16 last 60s: opened 3, closed 6, checkouts 2343, waited 0, timed out 0; open 3/8, idle 3, keep 3
[pg-pool] pid=24 last 60s: opened 2, closed 4, checkouts 1766, waited 0, timed out 0; open 3/8, idle 3, keep 3
[pg-pool] pid=14 last 60s: opened 2, closed 4, checkouts 1257, waited 0, timed out 0; open 3/8, idle 3, keep 3
[pg-pool] pid=23 last 60s: opened 2, closed 5, checkouts 1825, waited 0, timed out 0; open 3/8, idle 3, keep 3
[pg-pool] pid=20 last 60s: opened 2, closed 4, checkouts 1985, waited 0, timed out 0; open 3/8, idle 3, keep 3
[pg-pool] pid=25 last 60s: opened 1, closed 4, checkouts 2156, waited 0, timed out 0; open 3/8, idle 3, keep 3
